9
14
16
19
21
39
40
55
70
91
113
127
130
132
136
137
138
146
151
170
172
177
201
202
213
229
233
236
251
253
267
268
290
310
321
327
336
339
375
376
379
381
387
393
393
396
409
413
448
456
457
473
480
483
489
502
518
538
603
607
610
615
633
644
648
648
658
669
692
694
699
700
722
737
738
747
748
751
752
761
794
818
823
840
843
844
844
849
859
879
890
897
916
937
944
955
980
986
992
995
